node:internal/assert/utils:77
    throw err;
    ^

AssertionError [ERR_ASSERTION]: partial trick must return to its owner before Joker-only finish
    at Object.<anonymous> (/workspace/scratch/81661f6a93b9/rules-v46/pipi_tori_online/tests/joker_midtrick_conservation_v46.cjs:11:38)
    at Module._compile (node:internal/modules/cjs/loader:1872:14)
    at Object..js (node:internal/modules/cjs/loader:2003:10)
    at Module.load (node:internal/modules/cjs/loader:1594:32)
    at Module._load (node:internal/modules/cjs/loader:1396:12)
    at wrapModuleLoad (node:internal/modules/cjs/loader:255:19)
    at Module.executeUserEntryPoint [as runMain] (node:internal/modules/run_main:154:5)
    at node:internal/main/run_main_module:33:47 {
  generatedMessage: false,
  code: 'ERR_ASSERTION',
  actual: false,
  expected: true,
  operator: '==',
  diff: 'simple'
}

Node.js v24.19.0
