node:assert:152
  throw new AssertionError(obj);
  ^

AssertionError [ERR_ASSERTION]: run 0 {"seats":3,"penalty":"mud6","deal":"reshuffle","middle":false,"provider":"winner","pick":0,"rounds":3,"mad":false,"shoot":false,"load":false,"timing":"perRound","limit":"once","feast":0,"force":true,"move":true,"pass":false,"initial":false} round 1 step 85: card conservation
    at check (/workspace/scratch/81661f6a93b9/rules-v46/pipi_tori_online/tests/multiplayer_lifecycle_v46.cjs:10:45)
    at run (/workspace/scratch/81661f6a93b9/rules-v46/pipi_tori_online/tests/multiplayer_lifecycle_v46.cjs:21:86)
    at Object.<anonymous> (/workspace/scratch/81661f6a93b9/rules-v46/pipi_tori_online/tests/multiplayer_lifecycle_v46.cjs:66:2)
    at Module._compile (node:internal/modules/cjs/loader:1872:14)
    at Object..js (node:internal/modules/cjs/loader:2003:10)
    at Module.load (node:internal/modules/cjs/loader:1594:32)
    at Module._load (node:internal/modules/cjs/loader:1396:12)
    at wrapModuleLoad (node:internal/modules/cjs/loader:255:19)
    at Module.executeUserEntryPoint [as runMain] (node:internal/modules/run_main:154:5)
    at node:internal/main/run_main_module:33:47 {
  generatedMessage: false,
  code: 'ERR_ASSERTION',
  actual: 51,
  expected: 53,
  operator: '==',
  diff: 'simple'
}

Node.js v24.19.0
